 
****************************************
Report : power
        -analysis_effort low
Design : vcve2_top
Version: R-2020.09-SP2
Date   : Thu Sep 26 17:17:46 2024
****************************************


Library(s) Used:

    tcbn65lpwc (File: /software/dk/tsmc65/digital/Front_End/timing_power_noise/NLDM/tcbn65lp_200a/tcbn65lpwc.db)


Operating Conditions: WCCOM   Library: tcbn65lpwc
Wire Load Model Mode: segmented

Design        Wire Load Model            Library
------------------------------------------------
vcve2_top              ZeroWireload      tcbn65lpwc
vcve2_core_0_00000000_00000004_00000000_00000028_0_3_0_1_00000001_1a110800_1a110808
                       ZeroWireload      tcbn65lpwc
vcve2_if_stage_1a110800_1a110808
                       ZeroWireload      tcbn65lpwc
vcve2_id_stage_0_3_0   ZeroWireload      tcbn65lpwc
vcve2_ex_block_RV32M3_RV32B0
                       ZeroWireload      tcbn65lpwc
vcve2_load_store_unit  ZeroWireload      tcbn65lpwc
vcve2_lsu_interface    ZeroWireload      tcbn65lpwc
vcve2_dmem_switch      ZeroWireload      tcbn65lpwc
vcve2_wb               ZeroWireload      tcbn65lpwc
vcve2_register_file_ff_0_32_00000000
                       ZeroWireload      tcbn65lpwc
vcve2_vrf_interface_VLEN128_PIPE_WIDTH32
                       ZeroWireload      tcbn65lpwc
vcve2_agu_AddrWidth32  ZeroWireload      tcbn65lpwc
vcve2_cs_registers_1_00000001_00000000_00000028_0_00000000_00000004_0_3_0
                       ZeroWireload      tcbn65lpwc
SNPS_CLOCK_GATE_HIGH_vcve2_core_0_00000000_00000004_00000000_00000028_0_3_0_1_00000001_1a110800_1a110808_0
                       ZeroWireload      tcbn65lpwc
SNPS_CLOCK_GATE_HIGH_vcve2_core_0_00000000_00000004_00000000_00000028_0_3_0_1_00000001_1a110800_1a110808_1
                       ZeroWireload      tcbn65lpwc
vcve2_prefetch_buffer  ZeroWireload      tcbn65lpwc
vcve2_compressed_decoder
                       ZeroWireload      tcbn65lpwc
SNPS_CLOCK_GATE_HIGH_vcve2_if_stage_1a110800_1a110808
                       ZeroWireload      tcbn65lpwc
vcve2_decoder_0_3_0    ZeroWireload      tcbn65lpwc
vcve2_controller       ZeroWireload      tcbn65lpwc
SNPS_CLOCK_GATE_HIGH_vcve2_id_stage_0_3_0_0
                       ZeroWireload      tcbn65lpwc
SNPS_CLOCK_GATE_HIGH_vcve2_id_stage_0_3_0_1
                       ZeroWireload      tcbn65lpwc
vcve2_alu_RV32B0       ZeroWireload      tcbn65lpwc
vcve2_multdiv_fast_RV32M3
                       ZeroWireload      tcbn65lpwc
SNPS_CLOCK_GATE_HIGH_vcve2_load_store_unit_0
                       ZeroWireload      tcbn65lpwc
SNPS_CLOCK_GATE_HIGH_vcve2_load_store_unit_3
                       ZeroWireload      tcbn65lpwc
SNPS_CLOCK_GATE_HIGH_vcve2_load_store_unit_2
                       ZeroWireload      tcbn65lpwc
SNPS_CLOCK_GATE_HIGH_vcve2_load_store_unit_1
                       ZeroWireload      tcbn65lpwc
SNPS_CLOCK_GATE_HIGH_vcve2_lsu_interface
                       ZeroWireload      tcbn65lpwc
SNPS_CLOCK_GATE_HIGH_vcve2_register_file_ff_0_32_00000000_0
                       ZeroWireload      tcbn65lpwc
SNPS_CLOCK_GATE_HIGH_vcve2_register_file_ff_0_32_00000000_30
                       ZeroWireload      tcbn65lpwc
SNPS_CLOCK_GATE_HIGH_vcve2_register_file_ff_0_32_00000000_29
                       ZeroWireload      tcbn65lpwc
SNPS_CLOCK_GATE_HIGH_vcve2_register_file_ff_0_32_00000000_28
                       ZeroWireload      tcbn65lpwc
SNPS_CLOCK_GATE_HIGH_vcve2_register_file_ff_0_32_00000000_27
                       ZeroWireload      tcbn65lpwc
SNPS_CLOCK_GATE_HIGH_vcve2_register_file_ff_0_32_00000000_26
                       ZeroWireload      tcbn65lpwc
SNPS_CLOCK_GATE_HIGH_vcve2_register_file_ff_0_32_00000000_25
                       ZeroWireload      tcbn65lpwc
SNPS_CLOCK_GATE_HIGH_vcve2_register_file_ff_0_32_00000000_24
                       ZeroWireload      tcbn65lpwc
SNPS_CLOCK_GATE_HIGH_vcve2_register_file_ff_0_32_00000000_23
                       ZeroWireload      tcbn65lpwc
SNPS_CLOCK_GATE_HIGH_vcve2_register_file_ff_0_32_00000000_22
                       ZeroWireload      tcbn65lpwc
SNPS_CLOCK_GATE_HIGH_vcve2_register_file_ff_0_32_00000000_21
                       ZeroWireload      tcbn65lpwc
SNPS_CLOCK_GATE_HIGH_vcve2_register_file_ff_0_32_00000000_20
                       ZeroWireload      tcbn65lpwc
SNPS_CLOCK_GATE_HIGH_vcve2_register_file_ff_0_32_00000000_19
                       ZeroWireload      tcbn65lpwc
SNPS_CLOCK_GATE_HIGH_vcve2_register_file_ff_0_32_00000000_18
                       ZeroWireload      tcbn65lpwc
SNPS_CLOCK_GATE_HIGH_vcve2_register_file_ff_0_32_00000000_17
                       ZeroWireload      tcbn65lpwc
SNPS_CLOCK_GATE_HIGH_vcve2_register_file_ff_0_32_00000000_16
                       ZeroWireload      tcbn65lpwc
SNPS_CLOCK_GATE_HIGH_vcve2_register_file_ff_0_32_00000000_15
                       ZeroWireload      tcbn65lpwc
SNPS_CLOCK_GATE_HIGH_vcve2_register_file_ff_0_32_00000000_14
                       ZeroWireload      tcbn65lpwc
SNPS_CLOCK_GATE_HIGH_vcve2_register_file_ff_0_32_00000000_13
                       ZeroWireload      tcbn65lpwc
SNPS_CLOCK_GATE_HIGH_vcve2_register_file_ff_0_32_00000000_12
                       ZeroWireload      tcbn65lpwc
SNPS_CLOCK_GATE_HIGH_vcve2_register_file_ff_0_32_00000000_11
                       ZeroWireload      tcbn65lpwc
SNPS_CLOCK_GATE_HIGH_vcve2_register_file_ff_0_32_00000000_10
                       ZeroWireload      tcbn65lpwc
SNPS_CLOCK_GATE_HIGH_vcve2_register_file_ff_0_32_00000000_9
                       ZeroWireload      tcbn65lpwc
SNPS_CLOCK_GATE_HIGH_vcve2_register_file_ff_0_32_00000000_8
                       ZeroWireload      tcbn65lpwc
SNPS_CLOCK_GATE_HIGH_vcve2_register_file_ff_0_32_00000000_7
                       ZeroWireload      tcbn65lpwc
SNPS_CLOCK_GATE_HIGH_vcve2_register_file_ff_0_32_00000000_6
                       ZeroWireload      tcbn65lpwc
SNPS_CLOCK_GATE_HIGH_vcve2_register_file_ff_0_32_00000000_5
                       ZeroWireload      tcbn65lpwc
SNPS_CLOCK_GATE_HIGH_vcve2_register_file_ff_0_32_00000000_4
                       ZeroWireload      tcbn65lpwc
SNPS_CLOCK_GATE_HIGH_vcve2_register_file_ff_0_32_00000000_3
                       ZeroWireload      tcbn65lpwc
SNPS_CLOCK_GATE_HIGH_vcve2_register_file_ff_0_32_00000000_2
                       ZeroWireload      tcbn65lpwc
SNPS_CLOCK_GATE_HIGH_vcve2_register_file_ff_0_32_00000000_1
                       ZeroWireload      tcbn65lpwc
SNPS_CLOCK_GATE_HIGH_vcve2_vrf_interface_VLEN128_PIPE_WIDTH32_0
                       ZeroWireload      tcbn65lpwc
SNPS_CLOCK_GATE_HIGH_vcve2_vrf_interface_VLEN128_PIPE_WIDTH32_6
                       ZeroWireload      tcbn65lpwc
SNPS_CLOCK_GATE_HIGH_vcve2_vrf_interface_VLEN128_PIPE_WIDTH32_5
                       ZeroWireload      tcbn65lpwc
SNPS_CLOCK_GATE_HIGH_vcve2_vrf_interface_VLEN128_PIPE_WIDTH32_4
                       ZeroWireload      tcbn65lpwc
SNPS_CLOCK_GATE_HIGH_vcve2_vrf_interface_VLEN128_PIPE_WIDTH32_3
                       ZeroWireload      tcbn65lpwc
SNPS_CLOCK_GATE_HIGH_vcve2_vrf_interface_VLEN128_PIPE_WIDTH32_2
                       ZeroWireload      tcbn65lpwc
SNPS_CLOCK_GATE_HIGH_vcve2_vrf_interface_VLEN128_PIPE_WIDTH32_1
                       ZeroWireload      tcbn65lpwc
SNPS_CLOCK_GATE_HIGH_vcve2_agu_AddrWidth32_0
                       ZeroWireload      tcbn65lpwc
SNPS_CLOCK_GATE_HIGH_vcve2_agu_AddrWidth32_2
                       ZeroWireload      tcbn65lpwc
SNPS_CLOCK_GATE_HIGH_vcve2_agu_AddrWidth32_1
                       ZeroWireload      tcbn65lpwc
vcve2_csr_6_0c         ZeroWireload      tcbn65lpwc
vcve2_csr_32_0_0_7     ZeroWireload      tcbn65lpwc
vcve2_csr_19_0_0       ZeroWireload      tcbn65lpwc
vcve2_csr_32_0_0_6     ZeroWireload      tcbn65lpwc
vcve2_csr_7_0_0_1      ZeroWireload      tcbn65lpwc
vcve2_csr_32_0_0_5     ZeroWireload      tcbn65lpwc
vcve2_csr_32_00000001  ZeroWireload      tcbn65lpwc
vcve2_csr_32_0_40000003
                       ZeroWireload      tcbn65lpwc
vcve2_csr_32_0_0_4     ZeroWireload      tcbn65lpwc
vcve2_csr_32_0_0_3     ZeroWireload      tcbn65lpwc
vcve2_csr_32_0_0_2     ZeroWireload      tcbn65lpwc
vcve2_csr_3_0_4        ZeroWireload      tcbn65lpwc
vcve2_csr_32_0_0_1     ZeroWireload      tcbn65lpwc
vcve2_csr_7_0_0_0      ZeroWireload      tcbn65lpwc
vcve2_counter_CounterWidth64
                       ZeroWireload      tcbn65lpwc
vcve2_counter_CounterWidth64_ProvideValUpd1
                       ZeroWireload      tcbn65lpwc
vcve2_csr_00000001_0_0_0
                       ZeroWireload      tcbn65lpwc
vcve2_csr_32_0_0_0     ZeroWireload      tcbn65lpwc
vcve2_fetch_fifo_00000002
                       ZeroWireload      tcbn65lpwc
SNPS_CLOCK_GATE_HIGH_vcve2_prefetch_buffer_0
                       ZeroWireload      tcbn65lpwc
SNPS_CLOCK_GATE_HIGH_vcve2_prefetch_buffer_1
                       ZeroWireload      tcbn65lpwc
SNPS_CLOCK_GATE_HIGH_vcve2_controller
                       ZeroWireload      tcbn65lpwc
vcve2_fracturable_adder_PIPE_WIDTH32
                       ZeroWireload      tcbn65lpwc
SNPS_CLOCK_GATE_HIGH_vcve2_multdiv_fast_RV32M3_0
                       ZeroWireload      tcbn65lpwc
SNPS_CLOCK_GATE_HIGH_vcve2_multdiv_fast_RV32M3_2
                       ZeroWireload      tcbn65lpwc
SNPS_CLOCK_GATE_HIGH_vcve2_multdiv_fast_RV32M3_1
                       ZeroWireload      tcbn65lpwc
SNPS_CLOCK_GATE_HIGH_vcve2_csr_6_0c
                       ZeroWireload      tcbn65lpwc
SNPS_CLOCK_GATE_HIGH_vcve2_csr_32_0_0_0_7
                       ZeroWireload      tcbn65lpwc
SNPS_CLOCK_GATE_HIGH_vcve2_csr_19_0_0
                       ZeroWireload      tcbn65lpwc
SNPS_CLOCK_GATE_HIGH_vcve2_csr_32_0_0_0_6
                       ZeroWireload      tcbn65lpwc
SNPS_CLOCK_GATE_HIGH_vcve2_csr_7_0_0_0_1
                       ZeroWireload      tcbn65lpwc
SNPS_CLOCK_GATE_HIGH_vcve2_csr_32_0_0_0_5
                       ZeroWireload      tcbn65lpwc
SNPS_CLOCK_GATE_HIGH_vcve2_csr_32_00000001
                       ZeroWireload      tcbn65lpwc
SNPS_CLOCK_GATE_HIGH_vcve2_csr_32_0_40000003
                       ZeroWireload      tcbn65lpwc
SNPS_CLOCK_GATE_HIGH_vcve2_csr_32_0_0_0_4
                       ZeroWireload      tcbn65lpwc
SNPS_CLOCK_GATE_HIGH_vcve2_csr_32_0_0_0_3
                       ZeroWireload      tcbn65lpwc
SNPS_CLOCK_GATE_HIGH_vcve2_csr_32_0_0_0_2
                       ZeroWireload      tcbn65lpwc
SNPS_CLOCK_GATE_HIGH_vcve2_csr_3_0_4
                       ZeroWireload      tcbn65lpwc
SNPS_CLOCK_GATE_HIGH_vcve2_csr_32_0_0_0_1
                       ZeroWireload      tcbn65lpwc
SNPS_CLOCK_GATE_HIGH_vcve2_csr_7_0_0_0_0
                       ZeroWireload      tcbn65lpwc
SNPS_CLOCK_GATE_HIGH_vcve2_counter_CounterWidth64_0
                       ZeroWireload      tcbn65lpwc
SNPS_CLOCK_GATE_HIGH_vcve2_counter_CounterWidth64_1
                       ZeroWireload      tcbn65lpwc
SNPS_CLOCK_GATE_HIGH_vcve2_counter_CounterWidth64_ProvideValUpd1_0
                       ZeroWireload      tcbn65lpwc
SNPS_CLOCK_GATE_HIGH_vcve2_counter_CounterWidth64_ProvideValUpd1_1
                       ZeroWireload      tcbn65lpwc
SNPS_CLOCK_GATE_HIGH_vcve2_csr_32_0_0_0_0
                       ZeroWireload      tcbn65lpwc
SNPS_CLOCK_GATE_HIGH_vcve2_fetch_fifo_00000002_0
                       ZeroWireload      tcbn65lpwc
SNPS_CLOCK_GATE_HIGH_vcve2_fetch_fifo_00000002_3
                       ZeroWireload      tcbn65lpwc
SNPS_CLOCK_GATE_HIGH_vcve2_fetch_fifo_00000002_2
                       ZeroWireload      tcbn65lpwc
SNPS_CLOCK_GATE_HIGH_vcve2_fetch_fifo_00000002_1
                       ZeroWireload      tcbn65lpwc


Global Operating Voltage = 1.08 
Power-specific unit information :
    Voltage Units = 1V
    Capacitance Units = 1.000000pf
    Time Units = 1ns
    Dynamic Power Units = 1mW    (derived from V,C,T units)
    Leakage Power Units = 1nW


  Cell Internal Power  = 781.5277 uW   (85%)
  Net Switching Power  = 143.0648 uW   (15%)
                         ---------
Total Dynamic Power    = 924.5925 uW  (100%)

Cell Leakage Power     =  16.3337 uW


                 Internal         Switching           Leakage            Total
Power Group      Power            Power               Power              Power   (   %    )  Attrs
--------------------------------------------------------------------------------------------------
io_pad             0.0000            0.0000            0.0000            0.0000  (   0.00%)
memory             0.0000            0.0000            0.0000            0.0000  (   0.00%)
black_box          0.0000            0.0000            0.0000            0.0000  (   0.00%)
clock_network      0.1183        3.9913e-02          110.0295            0.1583  (  16.82%)
register           0.5629        7.6145e-03        3.7209e+03            0.5743  (  61.03%)
sequential         0.0000            0.0000            0.0000            0.0000  (   0.00%)
combinational      0.1003        9.5538e-02        1.2503e+04            0.2084  (  22.15%)
--------------------------------------------------------------------------------------------------
Total              0.7815 mW         0.1431 mW     1.6334e+04 nW         0.9409 mW
1
