Loading db file '/software/dk/tsmc65/digital/Front_End/timing_power_noise/NLDM/tcbn65lp_200a/tcbn65lpbc.db'
Information: Propagating switching activity (low effort zero delay simulation). (PWR-6)
Warning: Design has unannotated primary inputs. (PWR-414)
Warning: Design has unannotated sequential cell outputs. (PWR-415)
 
****************************************
Report : power
        -analysis_effort low
Design : vcve2_top
Version: R-2020.09-SP2
Date   : Wed Jan 29 10:43:24 2025
****************************************


Library(s) Used:

    tcbn65lpbc (File: /software/dk/tsmc65/digital/Front_End/timing_power_noise/NLDM/tcbn65lp_200a/tcbn65lpbc.db)


Operating Conditions: BCCOM   Library: tcbn65lpbc
Wire Load Model Mode: segmented

Design        Wire Load Model            Library
------------------------------------------------
vcve2_top              ZeroWireload      tcbn65lpbc
vcve2_core_0_00000000_00000004_00000000_00000028_0_3_0_1_00000001_1a110800_1a110808
                       ZeroWireload      tcbn65lpbc
vcve2_if_stage_1a110800_1a110808
                       ZeroWireload      tcbn65lpbc
vcve2_id_stage_0_3_0   ZeroWireload      tcbn65lpbc
vcve2_ex_block_RV32M3_RV32B0
                       ZeroWireload      tcbn65lpbc
vcve2_load_store_unit  ZeroWireload      tcbn65lpbc
vcve2_lsu_interface    ZeroWireload      tcbn65lpbc
vcve2_dmem_switch      ZeroWireload      tcbn65lpbc
vcve2_wb               ZeroWireload      tcbn65lpbc
vcve2_register_file_ff_0_32_00000000
                       ZeroWireload      tcbn65lpbc
vcve2_vrf_interface_VLEN128_PIPE_WIDTH32
                       ZeroWireload      tcbn65lpbc
vcve2_agu_AddrWidth32  ZeroWireload      tcbn65lpbc
vcve2_cs_registers_1_00000001_00000000_00000028_0_00000000_00000004_0_3_0
                       ZeroWireload      tcbn65lpbc
vcve2_prefetch_buffer  ZeroWireload      tcbn65lpbc
vcve2_compressed_decoder
                       ZeroWireload      tcbn65lpbc
vcve2_decoder_0_3_0    ZeroWireload      tcbn65lpbc
vcve2_controller       ZeroWireload      tcbn65lpbc
vcve2_alu_RV32B0       ZeroWireload      tcbn65lpbc
vcve2_multdiv_fast_RV32M3
                       ZeroWireload      tcbn65lpbc
vcve2_csr_6_0c         ZeroWireload      tcbn65lpbc
vcve2_csr_32_0_0_0     ZeroWireload      tcbn65lpbc
vcve2_csr_19_0_0       ZeroWireload      tcbn65lpbc
vcve2_csr_7_0_0_0      ZeroWireload      tcbn65lpbc
vcve2_csr_32_00000001  ZeroWireload      tcbn65lpbc
vcve2_csr_32_0_40000003
                       ZeroWireload      tcbn65lpbc
vcve2_csr_3_0_4        ZeroWireload      tcbn65lpbc
vcve2_counter_CounterWidth64
                       ZeroWireload      tcbn65lpbc
vcve2_counter_CounterWidth64_ProvideValUpd1
                       ZeroWireload      tcbn65lpbc
vcve2_csr_00000001_0_0_0
                       ZeroWireload      tcbn65lpbc
vcve2_fetch_fifo_00000002
                       ZeroWireload      tcbn65lpbc
vcve2_fracturable_adder_PIPE_WIDTH32
                       ZeroWireload      tcbn65lpbc
vcve2_csr_32_0_0_1     ZeroWireload      tcbn65lpbc
vcve2_csr_32_0_0_2     ZeroWireload      tcbn65lpbc
vcve2_csr_32_0_0_3     ZeroWireload      tcbn65lpbc
vcve2_csr_32_0_0_4     ZeroWireload      tcbn65lpbc
vcve2_csr_32_0_0_5     ZeroWireload      tcbn65lpbc
vcve2_csr_32_0_0_6     ZeroWireload      tcbn65lpbc
vcve2_csr_32_0_0_7     ZeroWireload      tcbn65lpbc
vcve2_csr_7_0_0_1      ZeroWireload      tcbn65lpbc
vcve2_csr_00000001_0_0_1
                       ZeroWireload      tcbn65lpbc
vcve2_core_0_00000000_00000004_00000000_00000028_0_3_0_1_00000001_1a110800_1a110808_DW01_inc_0_DW01_inc_1
                       ZeroWireload      tcbn65lpbc
vcve2_cs_registers_1_00000001_00000000_00000028_0_00000000_00000004_0_3_0_DW01_cmp6_0_DW01_cmp6_3
                       ZeroWireload      tcbn65lpbc
vcve2_counter_CounterWidth64_ProvideValUpd1_DW01_inc_0_DW01_inc_2
                       ZeroWireload      tcbn65lpbc
vcve2_counter_CounterWidth64_DW01_inc_0_DW01_inc_3
                       ZeroWireload      tcbn65lpbc
vcve2_vrf_interface_VLEN128_PIPE_WIDTH32_DW01_sub_0_DW01_sub_2
                       ZeroWireload      tcbn65lpbc
vcve2_vrf_interface_VLEN128_PIPE_WIDTH32_DW01_sub_1_DW01_sub_3
                       ZeroWireload      tcbn65lpbc
vcve2_vrf_interface_VLEN128_PIPE_WIDTH32_DW01_sub_2_DW01_sub_4
                       ZeroWireload      tcbn65lpbc
vcve2_vrf_interface_VLEN128_PIPE_WIDTH32_DW01_sub_3_DW01_sub_5
                       ZeroWireload      tcbn65lpbc
vcve2_vrf_interface_VLEN128_PIPE_WIDTH32_DW01_sub_4_DW01_sub_6
                       ZeroWireload      tcbn65lpbc
vcve2_vrf_interface_VLEN128_PIPE_WIDTH32_DW01_sub_5_DW01_sub_7
                       ZeroWireload      tcbn65lpbc
vcve2_lsu_interface_DW01_add_0_DW01_add_1
                       ZeroWireload      tcbn65lpbc
vcve2_multdiv_fast_RV32M3_DW01_ash_0_DW01_ash_2
                       ZeroWireload      tcbn65lpbc
vcve2_alu_RV32B0_DW_rash_0_DW_rash_2
                       ZeroWireload      tcbn65lpbc
vcve2_fracturable_adder_PIPE_WIDTH32_DW01_add_0_DW01_add_2
                       ZeroWireload      tcbn65lpbc
vcve2_fracturable_adder_PIPE_WIDTH32_DW01_add_1_DW01_add_3
                       ZeroWireload      tcbn65lpbc
vcve2_fracturable_adder_PIPE_WIDTH32_DW01_add_2_DW01_add_4
                       ZeroWireload      tcbn65lpbc
vcve2_fracturable_adder_PIPE_WIDTH32_DW01_add_3_DW01_add_5
                       ZeroWireload      tcbn65lpbc
vcve2_controller_DW01_add_0_DW01_add_6
                       ZeroWireload      tcbn65lpbc
vcve2_prefetch_buffer_DW01_add_0_DW01_add_7
                       ZeroWireload      tcbn65lpbc
vcve2_fetch_fifo_00000002_DW01_add_0_DW01_add_8
                       ZeroWireload      tcbn65lpbc
vcve2_multdiv_fast_RV32M3_DW02_mult_0
                       ZeroWireload      tcbn65lpbc
vcve2_multdiv_fast_RV32M3_DW02_mult_1
                       ZeroWireload      tcbn65lpbc
vcve2_multdiv_fast_RV32M3_DW01_add_1_DW01_add_10
                       ZeroWireload      tcbn65lpbc
vcve2_multdiv_fast_RV32M3_DW02_mult_2
                       ZeroWireload      tcbn65lpbc
vcve2_multdiv_fast_RV32M3_DW01_add_2_DW01_add_11
                       ZeroWireload      tcbn65lpbc
vcve2_multdiv_fast_RV32M3_DW02_mult_3
                       ZeroWireload      tcbn65lpbc
vcve2_multdiv_fast_RV32M3_DW01_add_3_DW01_add_12
                       ZeroWireload      tcbn65lpbc
vcve2_multdiv_fast_RV32M3_DW01_add_4_DW01_add_13
                       ZeroWireload      tcbn65lpbc
vcve2_multdiv_fast_RV32M3_DW01_add_5_DW01_add_14
                       ZeroWireload      tcbn65lpbc


Global Operating Voltage = 1.32 
Power-specific unit information :
    Voltage Units = 1V
    Capacitance Units = 1.000000pf
    Time Units = 1ns
    Dynamic Power Units = 1mW    (derived from V,C,T units)
    Leakage Power Units = 1nW


  Cell Internal Power  =   2.9146 mW   (96%)
  Net Switching Power  = 109.6372 uW    (4%)
                         ---------
Total Dynamic Power    =   3.0242 mW  (100%)

Cell Leakage Power     =  17.9842 uW


                 Internal         Switching           Leakage            Total
Power Group      Power            Power               Power              Power   (   %    )  Attrs
--------------------------------------------------------------------------------------------------
io_pad             0.0000            0.0000            0.0000            0.0000  (   0.00%)
memory             0.0000            0.0000            0.0000            0.0000  (   0.00%)
black_box          0.0000            0.0000            0.0000            0.0000  (   0.00%)
clock_network      0.0000            0.0000            0.0000            0.0000  (   0.00%)
register           2.8332        5.8305e-03        5.3509e+03            2.8443  (  93.50%)
sequential         0.0000            0.0000            0.0000            0.0000  (   0.00%)
combinational  8.1414e-02            0.1038        1.2632e+04            0.1979  (   6.50%)
--------------------------------------------------------------------------------------------------
Total              2.9146 mW         0.1096 mW     1.7983e+04 nW         3.0422 mW
1
