Loading db file '/software/dk/tsmc65/digital/Front_End/timing_power_noise/NLDM/tcbn65lp_200a/tcbn65lpwc.db'
Information: Propagating switching activity (low effort zero delay simulation). (PWR-6)
Warning: Design has unannotated primary inputs. (PWR-414)
Warning: Design has unannotated sequential cell outputs. (PWR-415)
 
****************************************
Report : power
        -analysis_effort low
Design : cve2_top
Version: R-2020.09-SP2
Date   : Sun Jun 30 10:27:18 2024
****************************************


Library(s) Used:

    tcbn65lpwc (File: /software/dk/tsmc65/digital/Front_End/timing_power_noise/NLDM/tcbn65lp_200a/tcbn65lpwc.db)


Operating Conditions: WCCOM   Library: tcbn65lpwc
Wire Load Model Mode: segmented

Design        Wire Load Model            Library
------------------------------------------------
cve2_top               ZeroWireload      tcbn65lpwc


Global Operating Voltage = 1.08 
Power-specific unit information :
    Voltage Units = 1V
    Capacitance Units = 1.000000pf
    Time Units = 1ns
    Dynamic Power Units = 1mW    (derived from V,C,T units)
    Leakage Power Units = 1nW


  Cell Internal Power  =  88.4586 uW   (50%)
  Net Switching Power  =  89.4366 uW   (50%)
                         ---------
Total Dynamic Power    = 177.8952 uW  (100%)

Cell Leakage Power     =  12.7515 uW


                 Internal         Switching           Leakage            Total
Power Group      Power            Power               Power              Power   (   %    )  Attrs
--------------------------------------------------------------------------------------------------
io_pad             0.0000            0.0000            0.0000            0.0000  (   0.00%)
memory             0.0000            0.0000            0.0000            0.0000  (   0.00%)
black_box          0.0000            0.0000            0.0000            0.0000  (   0.00%)
clock_network      0.0000            0.0000            0.0000            0.0000  (   0.00%)
register       5.0246e-03        4.2199e-05            3.3062        5.0701e-03  (   2.66%)
sequential     3.6498e-02        1.4202e-05        4.0066e+03        4.0519e-02  (  21.25%)
combinational  4.6936e-02        8.9380e-02        8.7415e+03            0.1451  (  76.09%)
--------------------------------------------------------------------------------------------------
Total          8.8459e-02 mW     8.9437e-02 mW     1.2751e+04 nW         0.1906 mW
1
