 
****************************************
Report : timing
        -path full
        -delay max
        -max_paths 1
Design : vcve2_top
Version: R-2020.09-SP2
Date   : Sun Jul 14 15:15:47 2024
****************************************

 # A fanout number of 1000 was used for high fanout net computations.

Operating Conditions: WCCOM   Library: tcbn65lpwc
Wire Load Model Mode: segmented

  Startpoint: u_cve2_core/if_stage_i/instr_rdata_id_o_reg_22_
              (rising edge-triggered flip-flop clocked by INPUT_CLK)
  Endpoint: u_cve2_core/register_file_i/rf_reg_q_reg_1__26_
            (rising edge-triggered flip-flop clocked by INPUT_CLK)
  Path Group: INPUT_CLK
  Path Type: max

  Des/Clust/Port     Wire Load Model       Library
  ------------------------------------------------
  SNPS_CLOCK_GATE_HIGH_vcve2_if_stage_1a110800_1a110808 ZeroWireload tcbn65lpwc
  vcve2_if_stage_1a110800_1a110808 ZeroWireload tcbn65lpwc
  vcve2_id_stage_0_3_0 ZeroWireload        tcbn65lpwc
  vcve2_controller   ZeroWireload          tcbn65lpwc
  vce2_agu_AddrWidth32 ZeroWireload        tcbn65lpwc
  vcve2_register_file_ff_0_32_00000000 ZeroWireload tcbn65lpwc
  vcve2_core_0_00000000_00000004_00000000_00000028_0_3_0_1_00000001_1a110800_1a110808 ZeroWireload tcbn65lpwc
  vcve2_decoder_0_3_0 ZeroWireload         tcbn65lpwc
  vcve2_multdiv_fast_RV32M3 ZeroWireload   tcbn65lpwc
  vcve2_ex_block_RV32M3_RV32B0 ZeroWireload tcbn65lpwc
  vcve2_lsu_interface ZeroWireload         tcbn65lpwc
  vcve2_wb           ZeroWireload          tcbn65lpwc

  Point                                                   Incr       Path
  --------------------------------------------------------------------------
  clock INPUT_CLK (rise edge)                             0.00       0.00
  clock network delay (ideal)                             0.00       0.00
  u_cve2_core/if_stage_i/instr_rdata_id_o_reg_22_/CP (DFCNQD4)     0.00     0.00 r
  u_cve2_core/if_stage_i/instr_rdata_id_o_reg_22_/Q (DFCNQD4)     0.32     0.32 r
  u_cve2_core/if_stage_i/instr_rdata_id_o[22] (vcve2_if_stage_1a110800_1a110808)     0.00     0.32 r
  u_cve2_core/id_stage_i/instr_rdata_i[22] (vcve2_id_stage_0_3_0)     0.00     0.32 r
  u_cve2_core/id_stage_i/decoder_i/instr_rdata_i[22] (vcve2_decoder_0_3_0)     0.00     0.32 r
  u_cve2_core/id_stage_i/decoder_i/rf_raddr_b_o[2] (vcve2_decoder_0_3_0)     0.00     0.32 r
  u_cve2_core/id_stage_i/rf_raddr_b_o[2] (vcve2_id_stage_0_3_0)     0.00     0.32 r
  u_cve2_core/register_file_i/raddr_b_i[2] (vcve2_register_file_ff_0_32_00000000)     0.00     0.32 r
  u_cve2_core/register_file_i/U986/ZN (INVD6)             0.05       0.38 f
  u_cve2_core/register_file_i/U1486/ZN (ND3D4)            0.05       0.43 r
  u_cve2_core/register_file_i/U715/ZN (CKND4)             0.04       0.47 f
  u_cve2_core/register_file_i/U303/ZN (ND2D4)             0.04       0.50 r
  u_cve2_core/register_file_i/U302/ZN (INVD8)             0.04       0.54 f
  u_cve2_core/register_file_i/U1549/ZN (AOI22D1)          0.09       0.64 r
  u_cve2_core/register_file_i/U1715/ZN (ND4D1)            0.09       0.73 f
  u_cve2_core/register_file_i/U1502/ZN (NR2XD1)           0.06       0.79 r
  u_cve2_core/register_file_i/U1376/ZN (CKND2D2)          0.07       0.86 f
  u_cve2_core/register_file_i/rdata_b_o[30] (vcve2_register_file_ff_0_32_00000000)     0.00     0.86 f
  u_cve2_core/id_stage_i/rf_rdata_b_i[30] (vcve2_id_stage_0_3_0)     0.00     0.86 f
  u_cve2_core/id_stage_i/multdiv_operand_b_ex_o[30] (vcve2_id_stage_0_3_0)     0.00     0.86 f
  u_cve2_core/ex_block_i/multdiv_operand_b_i[30] (vcve2_ex_block_RV32M3_RV32B0)     0.00     0.86 f
  u_cve2_core/ex_block_i/gen_multdiv_fast_multdiv_i/op_b_i[30] (vcve2_multdiv_fast_RV32M3)     0.00     0.86 f
  u_cve2_core/ex_block_i/gen_multdiv_fast_multdiv_i/U245/ZN (CKND2D1)     0.06     0.92 r
  u_cve2_core/ex_block_i/gen_multdiv_fast_multdiv_i/U220/ZN (ND2D2)     0.08     0.99 f
  u_cve2_core/ex_block_i/gen_multdiv_fast_multdiv_i/U2882/ZN (CKND2)     0.04     1.04 r
  u_cve2_core/ex_block_i/gen_multdiv_fast_multdiv_i/U2881/Z (CKXOR2D1)     0.17     1.21 f
  u_cve2_core/ex_block_i/gen_multdiv_fast_multdiv_i/U1896/ZN (OAI22D2)     0.08     1.29 r
  u_cve2_core/ex_block_i/gen_multdiv_fast_multdiv_i/U1985/S (FA1D1)     0.26     1.55 r
  u_cve2_core/ex_block_i/gen_multdiv_fast_multdiv_i/U1904/ZN (ND2D2)     0.04     1.59 f
  u_cve2_core/ex_block_i/gen_multdiv_fast_multdiv_i/U1903/ZN (ND2D2)     0.03     1.62 r
  u_cve2_core/ex_block_i/gen_multdiv_fast_multdiv_i/U2967/CO (FA1D1)     0.23     1.85 r
  u_cve2_core/ex_block_i/gen_multdiv_fast_multdiv_i/U3854/S (FA1D1)     0.23     2.08 f
  u_cve2_core/ex_block_i/gen_multdiv_fast_multdiv_i/U2077/ZN (CKND2D2)     0.04     2.12 r
  u_cve2_core/ex_block_i/gen_multdiv_fast_multdiv_i/U1804/ZN (ND2D2)     0.03     2.15 f
  u_cve2_core/ex_block_i/gen_multdiv_fast_multdiv_i/U3839/S (FA1D1)     0.24     2.39 f
  u_cve2_core/ex_block_i/gen_multdiv_fast_multdiv_i/U3838/CO (FA1D1)     0.24     2.63 f
  u_cve2_core/ex_block_i/gen_multdiv_fast_multdiv_i/U1744/ZN (NR2XD2)     0.05     2.68 r
  u_cve2_core/ex_block_i/gen_multdiv_fast_multdiv_i/U2006/ZN (INVD2)     0.03     2.71 f
  u_cve2_core/ex_block_i/gen_multdiv_fast_multdiv_i/U1257/ZN (ND2D2)     0.04     2.75 r
  u_cve2_core/ex_block_i/gen_multdiv_fast_multdiv_i/U1743/ZN (NR2D3)     0.03     2.78 f
  u_cve2_core/ex_block_i/gen_multdiv_fast_multdiv_i/U3108/ZN (AOI211XD4)     0.08     2.86 r
  u_cve2_core/ex_block_i/gen_multdiv_fast_multdiv_i/U3869/ZN (OAI21D4)     0.06     2.92 f
  u_cve2_core/ex_block_i/gen_multdiv_fast_multdiv_i/U3271/ZN (AOI21D4)     0.09     3.01 r
  u_cve2_core/ex_block_i/gen_multdiv_fast_multdiv_i/U468/ZN (INVD2)     0.05     3.07 f
  u_cve2_core/ex_block_i/gen_multdiv_fast_multdiv_i/U2021/ZN (INVD6)     0.03     3.10 r
  u_cve2_core/ex_block_i/gen_multdiv_fast_multdiv_i/U16/ZN (CKND1)     0.03     3.13 f
  u_cve2_core/ex_block_i/gen_multdiv_fast_multdiv_i/U2149/ZN (ND2D2)     0.03     3.16 r
  u_cve2_core/ex_block_i/gen_multdiv_fast_multdiv_i/U2147/ZN (ND3D2)     0.05     3.20 f
  u_cve2_core/ex_block_i/gen_multdiv_fast_multdiv_i/U2146/ZN (NR2D1)     0.06     3.26 r
  u_cve2_core/ex_block_i/gen_multdiv_fast_multdiv_i/U2150/ZN (NR2XD1)     0.04     3.30 f
  u_cve2_core/ex_block_i/gen_multdiv_fast_multdiv_i/multdiv_result_o[26] (vcve2_multdiv_fast_RV32M3)     0.00     3.30 f
  u_cve2_core/ex_block_i/U124/ZN (CKND2)                  0.03       3.33 r
  u_cve2_core/ex_block_i/U157/ZN (OAI21D4)                0.03       3.37 f
  u_cve2_core/ex_block_i/result_ex_o[26] (vcve2_ex_block_RV32M3_RV32B0)     0.00     3.37 f
  u_cve2_core/id_stage_i/result_ex_i[26] (vcve2_id_stage_0_3_0)     0.00     3.37 f
  u_cve2_core/id_stage_i/U216/ZN (INVD2)                  0.04       3.41 r
  u_cve2_core/id_stage_i/U382/ZN (OAI21D4)                0.03       3.44 f
  u_cve2_core/id_stage_i/rf_wdata_id_o[26] (vcve2_id_stage_0_3_0)     0.00     3.44 f
  u_cve2_core/wb_i/rf_wdata_id_i[26] (vcve2_wb)           0.00       3.44 f
  u_cve2_core/wb_i/U82/ZN (INVD2)                         0.04       3.48 r
  u_cve2_core/wb_i/U107/ZN (OAI21D4)                      0.04       3.52 f
  u_cve2_core/wb_i/rf_wdata_wb_o[26] (vcve2_wb)           0.00       3.52 f
  u_cve2_core/register_file_i/wdata_a_i[26] (vcve2_register_file_ff_0_32_00000000)     0.00     3.52 f
  u_cve2_core/register_file_i/U476/ZN (INVD4)             0.04       3.56 r
  u_cve2_core/register_file_i/U1149/ZN (CKND12)           0.04       3.60 f
  u_cve2_core/register_file_i/rf_reg_q_reg_1__26_/D (DFCNQD1)     0.00     3.60 f
  data arrival time                                                  3.60

  clock INPUT_CLK (rise edge)                             0.00       0.00
  clock network delay (ideal)                             0.00       0.00
  u_cve2_core/register_file_i/rf_reg_q_reg_1__26_/CP (DFCNQD1)     0.00     0.00 r
  library setup time                                      0.00       0.00
  data required time                                                 0.00
  --------------------------------------------------------------------------
  data required time                                                 0.00
  data arrival time                                                 -3.60
  --------------------------------------------------------------------------
  slack (VIOLATED)                                                  -3.60


1
