Information: Changed wire load model for 'DW01_inc_width33' from '(none)' to 'ZeroWireload'. (OPT-170)
Information: Changed wire load model for '*ADD_UNS_OP_32_1_33' from '(none)' to 'ZeroWireload'. (OPT-170)
Information: Changed wire load model for 'DW01_inc_width3' from '(none)' to 'ZeroWireload'. (OPT-170)
Information: Changed wire load model for '*ADD_UNS_OP_3_1_3' from '(none)' to 'ZeroWireload'. (OPT-170)
Information: Changed wire load model for 'DW01_add_width3' from '(none)' to 'ZeroWireload'. (OPT-170)
Information: Changed wire load model for '*ADD_UNS_OP_3_2_3' from '(none)' to 'ZeroWireload'. (OPT-170)
Information: Changed wire load model for 'DW01_dec_width3' from '(none)' to 'ZeroWireload'. (OPT-170)
Information: Changed wire load model for '*SUB_UNS_OP_3_1_3' from '(none)' to 'ZeroWireload'. (OPT-170)
Information: Changed wire load model for 'DW01_inc_width3' from '(none)' to 'ZeroWireload'. (OPT-170)
Information: Changed wire load model for '*ADD_UNS_OP_3_1_3' from '(none)' to 'ZeroWireload'. (OPT-170)
Information: Changed wire load model for 'DW01_sub_width3' from '(none)' to 'ZeroWireload'. (OPT-170)
Information: Changed wire load model for '*SUB_UNS_OP_3_2_3' from '(none)' to 'ZeroWireload'. (OPT-170)
Information: Changed wire load model for 'DW01_dec_width3' from '(none)' to 'ZeroWireload'. (OPT-170)
Information: Changed wire load model for '*SUB_UNS_OP_3_1_3' from '(none)' to 'ZeroWireload'. (OPT-170)
Information: Changed wire load model for 'DW_rash_A_width5_SH_width3' from '(none)' to 'ZeroWireload'. (OPT-170)
Information: Changed wire load model for '*ASHR_UNS_UNS_OP_5_3_5' from '(none)' to 'ZeroWireload'. (OPT-170)
Information: Changed wire load model for 'DW01_ash_A_width12_SH_width3' from '(none)' to 'ZeroWireload'. (OPT-170)
Information: Changed wire load model for '*ASH_UNS_UNS_OP_12_3_12' from '(none)' to 'ZeroWireload'. (OPT-170)
Information: Changed wire load model for 'DW_rash_A_width5_SH_width3' from '(none)' to 'ZeroWireload'. (OPT-170)
Information: Changed wire load model for '*ASHR_UNS_UNS_OP_5_3_5' from '(none)' to 'ZeroWireload'. (OPT-170)
Information: Changed wire load model for 'DW01_sub_width3' from '(none)' to 'ZeroWireload'. (OPT-170)
Information: Changed wire load model for '*SUB_TC_OP_1_3_3' from '(none)' to 'ZeroWireload'. (OPT-170)
Information: Changed wire load model for 'DW_rash_A_width5_SH_width3' from '(none)' to 'ZeroWireload'. (OPT-170)
Information: Changed wire load model for '*ASHR_UNS_UNS_OP_5_3_5' from '(none)' to 'ZeroWireload'. (OPT-170)
Information: Changed wire load model for 'DW01_cmp6_width5' from '(none)' to 'ZeroWireload'. (OPT-170)
Information: Changed wire load model for '*NE_UNS_OP_5_5_1' from '(none)' to 'ZeroWireload'. (OPT-170)
Information: Changed wire load model for 'DW01_cmp6_width5' from '(none)' to 'ZeroWireload'. (OPT-170)
Information: Changed wire load model for '*NE_UNS_OP_5_5_1' from '(none)' to 'ZeroWireload'. (OPT-170)
Information: Changed wire load model for 'DW01_cmp6_width5' from '(none)' to 'ZeroWireload'. (OPT-170)
Information: Changed wire load model for '*NE_UNS_OP_5_5_1' from '(none)' to 'ZeroWireload'. (OPT-170)
Information: Changed wire load model for 'DW01_cmp2_width32' from '(none)' to 'ZeroWireload'. (OPT-170)
Information: Changed wire load model for '*LEQ_UNS_OP_32_32_1' from '(none)' to 'ZeroWireload'. (OPT-170)
Information: Changed wire load model for 'DW01_cmp2_width32' from '(none)' to 'ZeroWireload'. (OPT-170)
Information: Changed wire load model for '*LEQ_UNS_OP_32_32_1' from '(none)' to 'ZeroWireload'. (OPT-170)
Information: Changed wire load model for 'DW01_cmp2_width3' from '(none)' to 'ZeroWireload'. (OPT-170)
Information: Changed wire load model for '*GT_TC_OP_3_1_1' from '(none)' to 'ZeroWireload'. (OPT-170)
Information: Changed wire load model for 'DW01_cmp6_width32' from '(none)' to 'ZeroWireload'. (OPT-170)
Information: Changed wire load model for '*EQ_UNS_OP_32_32_1' from '(none)' to 'ZeroWireload'. (OPT-170)
Information: Changed wire load model for 'DW01_inc_width64' from '(none)' to 'ZeroWireload'. (OPT-170)
Information: Changed wire load model for '*ADD_UNS_OP_64_1_64' from '(none)' to 'ZeroWireload'. (OPT-170)
Information: Changed wire load model for 'DW01_inc_width64' from '(none)' to 'ZeroWireload'. (OPT-170)
Information: Changed wire load model for '*ADD_UNS_OP_64_1_64' from '(none)' to 'ZeroWireload'. (OPT-170)
Information: Changed wire load model for 'DW01_cmp2_width2' from '(none)' to 'ZeroWireload'. (OPT-170)
Information: Changed wire load model for '*GT_UNS_OP_2_2_1' from '(none)' to 'ZeroWireload'. (OPT-170)
Information: Changed wire load model for 'DW01_inc_width5' from '(none)' to 'ZeroWireload'. (OPT-170)
Information: Changed wire load model for '*ADD_UNS_OP_5_1_5' from '(none)' to 'ZeroWireload'. (OPT-170)
Information: Changed wire load model for 'DW01_inc_width5' from '(none)' to 'ZeroWireload'. (OPT-170)
Information: Changed wire load model for '*ADD_UNS_OP_5_1_5' from '(none)' to 'ZeroWireload'. (OPT-170)
Information: Changed wire load model for 'DW01_inc_width5' from '(none)' to 'ZeroWireload'. (OPT-170)
Information: Changed wire load model for '*ADD_UNS_OP_5_1_5' from '(none)' to 'ZeroWireload'. (OPT-170)
Information: Changed wire load model for 'DW01_sub_width30' from '(none)' to 'ZeroWireload'. (OPT-170)
Information: Changed wire load model for '*SUB_UNS_OP_30_1_30' from '(none)' to 'ZeroWireload'. (OPT-170)
Information: Changed wire load model for 'DW01_sub_width30' from '(none)' to 'ZeroWireload'. (OPT-170)
Information: Changed wire load model for '*SUB_UNS_OP_30_1_30' from '(none)' to 'ZeroWireload'. (OPT-170)
Information: Changed wire load model for 'DW01_sub_width30' from '(none)' to 'ZeroWireload'. (OPT-170)
Information: Changed wire load model for '*SUB_UNS_OP_30_1_30' from '(none)' to 'ZeroWireload'. (OPT-170)
Information: Changed wire load model for 'DW01_sub_width30' from '(none)' to 'ZeroWireload'. (OPT-170)
Information: Changed wire load model for '*SUB_UNS_OP_30_1_30' from '(none)' to 'ZeroWireload'. (OPT-170)
Information: Changed wire load model for 'DW01_sub_width30' from '(none)' to 'ZeroWireload'. (OPT-170)
Information: Changed wire load model for '*SUB_UNS_OP_30_1_30' from '(none)' to 'ZeroWireload'. (OPT-170)
Information: Changed wire load model for 'DW01_sub_width30' from '(none)' to 'ZeroWireload'. (OPT-170)
Information: Changed wire load model for '*SUB_UNS_OP_30_30_30' from '(none)' to 'ZeroWireload'. (OPT-170)
Information: Changed wire load model for 'DW01_cmp6_width30' from '(none)' to 'ZeroWireload'. (OPT-170)
Information: Changed wire load model for '*EQ_UNS_OP_30_1_1' from '(none)' to 'ZeroWireload'. (OPT-170)
Information: Changed wire load model for 'DW01_cmp6_width30' from '(none)' to 'ZeroWireload'. (OPT-170)
Information: Changed wire load model for '*EQ_UNS_OP_30_1_1' from '(none)' to 'ZeroWireload'. (OPT-170)
Information: Changed wire load model for 'DW01_cmp6_width30' from '(none)' to 'ZeroWireload'. (OPT-170)
Information: Changed wire load model for '*EQ_UNS_OP_30_1_1' from '(none)' to 'ZeroWireload'. (OPT-170)
Information: Changed wire load model for 'DW01_cmp6_width30' from '(none)' to 'ZeroWireload'. (OPT-170)
Information: Changed wire load model for '*EQ_UNS_OP_30_1_1' from '(none)' to 'ZeroWireload'. (OPT-170)
Information: Changed wire load model for 'DW01_cmp6_width30' from '(none)' to 'ZeroWireload'. (OPT-170)
Information: Changed wire load model for '*EQ_UNS_OP_30_1_1' from '(none)' to 'ZeroWireload'. (OPT-170)
Information: Changed wire load model for 'DW01_ash_A_width32_SH_width3' from '(none)' to 'ZeroWireload'. (OPT-170)
Information: Changed wire load model for '*ASH_UNS_UNS_OP_32_3_32' from '(none)' to 'ZeroWireload'. (OPT-170)
Information: Changed wire load model for 'DW01_add_width32' from '(none)' to 'ZeroWireload'. (OPT-170)
Information: Changed wire load model for '*ADD_UNS_OP_32_3_32' from '(none)' to 'ZeroWireload'. (OPT-170)
Information: Changed wire load model for 'DW01_add_width32' from '(none)' to 'ZeroWireload'. (OPT-170)
Information: Changed wire load model for '*ADD_TC_OP_32_32_32' from '(none)' to 'ZeroWireload'. (OPT-170)
Information: Changed wire load model for 'DW01_add_width32' from '(none)' to 'ZeroWireload'. (OPT-170)
Information: Changed wire load model for '*ADD_TC_OP_17_32_32' from '(none)' to 'ZeroWireload'. (OPT-170)
Information: Changed wire load model for 'DW02_mult_A_width17_B_width17' from '(none)' to 'ZeroWireload'. (OPT-170)
Information: Changed wire load model for '*MULT_TC_OP_17_17_32' from '(none)' to 'ZeroWireload'. (OPT-170)
Information: Changed wire load model for 'DW02_mult_A_width17_B_width17' from '(none)' to 'ZeroWireload'. (OPT-170)
Information: Changed wire load model for '*MULT_TC_OP_17_17_32' from '(none)' to 'ZeroWireload'. (OPT-170)
Information: Changed wire load model for 'DW02_mult_A_width17_B_width17' from '(none)' to 'ZeroWireload'. (OPT-170)
Information: Changed wire load model for '*MULT_TC_OP_17_17_32' from '(none)' to 'ZeroWireload'. (OPT-170)
Information: Changed wire load model for 'DW01_dec_width5' from '(none)' to 'ZeroWireload'. (OPT-170)
Information: Changed wire load model for '*SUB_UNS_OP_5_1_5' from '(none)' to 'ZeroWireload'. (OPT-170)
Information: Changed wire load model for 'DW02_mult_A_width8_B_width8' from '(none)' to 'ZeroWireload'. (OPT-170)
Information: Changed wire load model for '*MULT_TC_OP_8_8_8' from '(none)' to 'ZeroWireload'. (OPT-170)
Information: Changed wire load model for 'DW01_ash_A_width32_SH_width5' from '(none)' to 'ZeroWireload'. (OPT-170)
Information: Changed wire load model for '*ASH_UNS_UNS_OP_32_5_32' from '(none)' to 'ZeroWireload'. (OPT-170)
Information: Changed wire load model for 'DW01_sub_width5' from '(none)' to 'ZeroWireload'. (OPT-170)
Information: Changed wire load model for '*SUB_UNS_OP_1_5_5' from '(none)' to 'ZeroWireload'. (OPT-170)
Information: Changed wire load model for 'DW_rash_A_width33_SH_width5' from '(none)' to 'ZeroWireload'. (OPT-170)
Information: Changed wire load model for '*ASHR_TC_UNS_OP_33_5_33' from '(none)' to 'ZeroWireload'. (OPT-170)
Information: Changed wire load model for 'DW01_add_width9' from '(none)' to 'ZeroWireload'. (OPT-170)
Information: Changed wire load model for '*ADD_UNS_OP_9_1_9' from '(none)' to 'ZeroWireload'. (OPT-170)
Information: Changed wire load model for 'DW01_add_width9' from '(none)' to 'ZeroWireload'. (OPT-170)
Information: Changed wire load model for '*ADD_UNS_OP_9_1_9' from '(none)' to 'ZeroWireload'. (OPT-170)
Information: Changed wire load model for 'DW01_add_width9' from '(none)' to 'ZeroWireload'. (OPT-170)
Information: Changed wire load model for '*ADD_UNS_OP_9_1_9' from '(none)' to 'ZeroWireload'. (OPT-170)
Information: Changed wire load model for 'DW01_add_width9' from '(none)' to 'ZeroWireload'. (OPT-170)
Information: Changed wire load model for '*ADD_UNS_OP_9_1_9' from '(none)' to 'ZeroWireload'. (OPT-170)
Information: Changed wire load model for 'DW01_add_width9' from '(none)' to 'ZeroWireload'. (OPT-170)
Information: Changed wire load model for '*ADD_UNS_OP_8_8_9' from '(none)' to 'ZeroWireload'. (OPT-170)
Information: Changed wire load model for 'DW01_add_width9' from '(none)' to 'ZeroWireload'. (OPT-170)
Information: Changed wire load model for '*ADD_UNS_OP_8_8_9' from '(none)' to 'ZeroWireload'. (OPT-170)
Information: Changed wire load model for 'DW01_add_width9' from '(none)' to 'ZeroWireload'. (OPT-170)
Information: Changed wire load model for '*ADD_UNS_OP_8_8_9' from '(none)' to 'ZeroWireload'. (OPT-170)
Information: Changed wire load model for 'DW01_add_width9' from '(none)' to 'ZeroWireload'. (OPT-170)
Information: Changed wire load model for '*ADD_UNS_OP_8_8_9' from '(none)' to 'ZeroWireload'. (OPT-170)
Information: Changed wire load model for 'DW01_add_width32' from '(none)' to 'ZeroWireload'. (OPT-170)
Information: Changed wire load model for '*ADD_UNS_OP_32_2_32' from '(none)' to 'ZeroWireload'. (OPT-170)
Information: Changed wire load model for 'DW01_ash_A_width32_SH_width3' from '(none)' to 'ZeroWireload'. (OPT-170)
Information: Changed wire load model for '*ASH_UNS_UNS_OP_32_3_32' from '(none)' to 'ZeroWireload'. (OPT-170)
Information: Changed wire load model for 'DW01_ash_A_width32_SH_width3' from '(none)' to 'ZeroWireload'. (OPT-170)
Information: Changed wire load model for '*ASH_UNS_UNS_OP_32_3_32' from '(none)' to 'ZeroWireload'. (OPT-170)
Information: Changed wire load model for 'DW01_add_width32' from '(none)' to 'ZeroWireload'. (OPT-170)
Information: Changed wire load model for '*ADD_UNS_OP_32_3_32' from '(none)' to 'ZeroWireload'. (OPT-170)
Information: Changed wire load model for 'DW01_add_width31' from '(none)' to 'ZeroWireload'. (OPT-170)
Information: Changed wire load model for '*ADD_UNS_OP_31_2_31' from '(none)' to 'ZeroWireload'. (OPT-170)
Information: Updating design information... (UID-85)
Warning: Design 'vcve2_top' contains 7 high-fanout nets. A fanout number of 1000 will be used for delay calculations involving these nets. (TIM-134)
 
****************************************
Report : timing
        -loops
        -max_paths 10
Design : vcve2_top
Version: R-2020.09-SP2
Date   : Thu Sep 26 17:03:45 2024
****************************************

 # A fanout number of 1000 was used for high fanout net computations.

Operating Conditions: WCCOM   Library: tcbn65lpwc
Wire Load Model Mode: segmented
No loops.

1
